// Jest Snapshot v1, https://goo.gl/fbAQLP

exports[`exceldate should throw an error for invalid inputs 1`] = `"First argument could not be parsed."`;

exports[`exceldate should throw an error for invalid inputs 2`] = `"No first argument provided, nothing to convert."`;

exports[`exceldate should throw an error for invalid inputs 3`] = `"No first argument provided, nothing to convert."`;
